
> car-rental-admin@0.1.0 build
> next build

   Γû▓ Next.js 16.0.3 (Turbopack)
   - Environments: .env

   Creating an optimized production build ...
node.exe : Error: Cannot apply unknown 
utility class `focus:ring-ring`
At line:1 char:1
+ & "C:\Program Files\nodejs/node.exe" 
"C:\Program Files\nodejs/node_mo ...
+ ~~~~~~~~~~~~~~~~~~~~~~~~~~~~~~~~~~~~~~~~~
~~~~~~~~~~~~~~~~~~~~~~~~~~~~
    + CategoryInfo          : NotSpecified 
   : (Error: Cannot a...ocus:ring-ring`:S  
  tring) [], RemoteException
    + FullyQualifiedErrorId : NativeComman 
   dError
 
    [2m[at onInvalidCandidate 
(C:\Users\Ndumbi 
Kimani\OneDrive\Documents\Dunat Rental Syst
em\node_modules\tailwindcss\dist\lib.js:21:
1511)][0m
    [2m[at Te (C:\Users\Ndumbi 
Kimani\OneDrive\Documents\Dunat Rental Syst
em\node_modules\tailwindcss\dist\lib.js:16:
36364)][0m
    [2m[at C:\Users\Ndumbi 
Kimani\OneDrive\Documents\Dunat Rental Syst
em\node_modules\tailwindcss\dist\lib.js:21:
355][0m
    [2m[at Tr (C:\Users\Ndumbi 
Kimani\OneDrive\Documents\Dunat Rental Syst
em\node_modules\tailwindcss\dist\lib.js:3:1
718)][0m
    [2m[at _ (C:\Users\Ndumbi 
Kimani\OneDrive\Documents\Dunat Rental Syst
em\node_modules\tailwindcss\dist\lib.js:3:1
377)][0m
    [2m[at Se (C:\Users\Ndumbi 
Kimani\OneDrive\Documents\Dunat Rental Syst
em\node_modules\tailwindcss\dist\lib.js:21:
172)][0m
    [2m[at ln (C:\Users\Ndumbi 
Kimani\OneDrive\Documents\Dunat Rental Syst
em\node_modules\tailwindcss\dist\lib.js:38:
294)][0m
    [2m[at async sn (C:\Users\Ndumbi 
Kimani\OneDrive\Documents\Dunat Rental Syst
em\node_modules\tailwindcss\dist\lib.js:38:
631)][0m
    [2m[at async Qr (C:\Users\Ndumbi 
Kimani\OneDrive\Documents\Dunat Rental Syst
em\node_modules\@tailwindcss\node\dist\inde
x.js:10:3385)][0m
    [2m[at async I (C:\Users\Ndumbi 
Kimani\OneDrive\Documents\Dunat Rental Syst
em\node_modules\@tailwindcss\postcss\dist\i
ndex.js:10:3978)][0m

> Build error occurred
Error: Turbopack build failed with 1 
errors:
./src/app/globals.css
Error evaluating Node.js code
CssSyntaxError: tailwindcss: 
C:\Users\Ndumbi 
Kimani\OneDrive\Documents\Dunat Rental 
System\src\app\globals.css:1:1: Cannot 
apply unknown utility class 
`focus:ring-ring`
    at Input.error 
(node_modules/postcss/lib/input.js:135:16) 
[C:\Users\Ndumbi 
Kimani\OneDrive\Documents\Dunat Rental Syst
em\.next\build\chunks\node_modules_fe693df6
._.js:4651:22]
    at Root.error 
(node_modules/postcss/lib/node.js:146:32) 
[C:\Users\Ndumbi 
Kimani\OneDrive\Documents\Dunat Rental Syst
em\.next\build\chunks\node_modules_fe693df6
._.js:928:38]
    [at Object.Once (C:\Users\Ndumbi 
Kimani\OneDrive\Documents\Dunat Rental Syst
em\node_modules\@tailwindcss\postcss\dist\i
ndex.js:10:6912)]
    at async LazyResult.runAsync (node_modu
les/postcss/lib/lazy-result.js:293:11) 
[C:\Users\Ndumbi 
Kimani\OneDrive\Documents\Dunat Rental Syst
em\.next\build\chunks\node_modules_fe693df6
._.js:6206:21]
    at async transform (turbopack:///[turbo
pack-node]/transforms/postcss.ts:70:34) 
[C:\Users\Ndumbi 
Kimani\OneDrive\Documents\Dunat Rental Syst
em\.next\build\chunks\[root-of-the-server]_
_6d51cb5d._.js:172:36]
    at async run (turbopack:///[turbopack-n
ode]/ipc/evaluate.ts:92:23) 
[C:\Users\Ndumbi 
Kimani\OneDrive\Documents\Dunat Rental Syst
em\.next\build\chunks\[root-of-the-server]_
_44695d76._.js:443:31]

Import trace:
  Client Component Browser:
    ./src/app/globals.css [Client 
Component Browser]
    ./src/app/layout.tsx [Server Component]


    at async transform (turbopack:///[turbo
pack-node]/transforms/postcss.ts:70:34) 
[C:\Users\Ndumbi 
Kimani\OneDrive\Documents\Dunat Rental Syst
em\.next\build\chunks\[root-of-the-server]_
_6d51cb5d._.js:172:36])
    at async run (turbopack:///[turbopack-n
ode]/ipc/evaluate.ts:92:23) 
[C:\Users\Ndumbi 
Kimani\OneDrive\Documents\Dunat Rental Syst
em\.next\build\chunks\[root-of-the-server]_
_44695d76._.js:443:31])
